// Jest Snapshot v1, https://goo.gl/fbAQLP

exports[`FloatSlider rendering initial state match the snapshot 1`] = `
<input
  max={1}
  min={0}
  onChange={[Function]}
  step={1}
  style={
    Object {
      "flex": 1,
      "width": "100%",
    }
  }
  type="range"
  value={0}
/>
`;
