// Jest Snapshot v1, https://goo.gl/fbAQLP

exports[`Video rendering initial state match the snapshot 1`] = `
<video
  className="video"
/>
`;
