// Jest Snapshot v1, https://goo.gl/fbAQLP

exports[`VideoControlButton rendering initial state match the snapshot 1`] = `
<button
  onClick={[Function]}
>
  saturation
</button>
`;
