// Jest Snapshot v1, https://goo.gl/fbAQLP

exports[`Footer rendering initial state is rendered 1`] = `
<div
  className="footer purple darken-1"
>
  <div
    className="footer-copyright"
  >
    <div
      className="container"
    >
      <div
        className="row"
      >
        <p
          className="grey-text text-lighten-4 left"
        >
          Â© 2018 Karlsson - For Study Purposes Only
        </p>
        <p
          className="grey-text text-lighten-4 right"
        >
          site by 
          <a
            href="http://www.callmejoe.net/"
            rel="noopener noreferrer"
            target="_blank"
          >
            joe 
          </a>
           & 
          <a
            href="http://www.callmejoe.net/"
            rel="noopener noreferrer"
            target="_blank"
          >
            laurel
          </a>
        </p>
      </div>
    </div>
  </div>
</div>
`;
