// Vitest Snapshot v1, https://vitest.dev/guide/snapshot.html

exports[`Error Boundary > rendering > initial state > should match the snapshot 1`] = `When you buy a lottery ticket, you are investing in the dreams of the winner.`;
